id;id_pengambil;id_consumable;tanggal_pengambilan;jumlah
100147;38070;C4;12/07/2020;20
19331;53615;C3;04/11/2013;20
