id;id_peminjaman;tanggal_pengembalian
9522;76853;21/12/2002
5002;76853;12/12/2004
120384;108662;20/10/2005
