id;id_peminjam;id_gadget;tanggal_peminjaman;jumlah;is_returned
76853;38070;G11;12/12/2001;0;true
108662;53615;G5;20/10/2004;10;false
