id;username;nama;alamat;password;role
1;adminserver;Admin Server;none;admin123;admin
38070;thirafinajwan;Thirafi Najwan;Ehe;password123;user
75844;something;Ken Watanabe;something;something;user
53615;naotomori;Nao Tomori;naotomori12;naotomori;user
